[default0]:The config attributes {'clip_output': False} were passed to AutoencoderKLWan, but are not expected and will be ignored. Please verify your config.json configuration file.
[default0]:
[default0]:Loading checkpoint shards:   0%|          | 0/3 [00:00<?, ?it/s]
[default0]:Loading checkpoint shards: 100%|██████████| 3/3 [00:00<00:00, 274.96it/s]
[default0]:
[default0]:Loading checkpoint shards:   0%|          | 0/3 [00:00<?, ?it/s]
[default0]:Loading checkpoint shards: 100%|██████████| 3/3 [00:00<00:00, 117.25it/s]
[default0]:Some weights of the model checkpoint at /home/rhos/umipolicy/lingbot-va/ckpt/lingbot-va-base/transformer were not used when initializing WanTransformer3DModel: 
[default0]: ['patch_embedding.weight, patch_embedding.bias']
[default0]:2026-04-28 14:52:09,554 - root - INFO - ******************************USE Server mode******************************
[default0]:2026-04-28 14:52:09,554 - root - INFO - Running in ASYNC SERVER mode
[default0]:2026-04-28 14:52:09,554 - websockets.server - INFO - server listening on 0.0.0.0:29536
[default0]:2026-04-28 14:52:10,044 - websockets.server - INFO - connection rejected (200 OK)
[default0]:2026-04-28 14:52:12,373 - websockets.server - INFO - connection open
[default0]:2026-04-28 14:52:12,373 - utils.Simple_Remote_Infer.deploy.websocket_policy_server - INFO - Connection from ('127.0.0.1', 32968) opened
[default0]:2026-04-28 14:52:12,374 - root - INFO - ******************* Reset server ******************
[default0]:2026-04-28 14:52:12,374 - root - INFO - Reset.
[default0]:2026-04-28 14:52:12,390 - websockets.server - ERROR - connection handler failed
[default0]:Traceback (most recent call last):
[default0]:  File "/home/rhos/miniconda3/envs/lingbot/lib/python3.10/site-packages/websockets/asyncio/server.py", line 376, in conn_handler
[default0]:    await self.handler(connection)
[default0]:  File "/home/rhos/umipolicy/lingbot-va/wan_va/utils/Simple_Remote_Infer/deploy/websocket_policy_server.py", line 63, in _handler
[default0]:    action = self._policy.infer(obs)
[default0]:  File "/home/rhos/umipolicy/lingbot-va/wan_va/utils/sever_utils.py", line 19, in infer
[default0]:    return distributed_infer(self.model, obs, self.local_rank)
[default0]:  File "/home/rhos/umipolicy/lingbot-va/wan_va/utils/sever_utils.py", line 37, in distributed_infer
[default0]:    result = model.infer(obs)
[default0]:  File "/home/rhos/miniconda3/envs/lingbot/lib/python3.10/site-packages/torch/utils/_contextlib.py", line 120, in decorate_context
[default0]:    return func(*args, **kwargs)
[default0]:  File "/home/rhos/umipolicy/lingbot-va/wan_va/wan_va_server.py", line 619, in infer
[default0]:    self._reset(prompt=prompt)
[default0]:  File "/home/rhos/umipolicy/lingbot-va/wan_va/wan_va_server.py", line 409, in _reset
[default0]:    self.transformer.create_empty_cache(self.cache_name,
[default0]:  File "/home/rhos/umipolicy/lingbot-va/wan_va/modules/model.py", line 676, in create_empty_cache
[default0]:    block.attn1.init_kv_cache(cache_name, total_tolen,
[default0]:  File "/home/rhos/umipolicy/lingbot-va/wan_va/modules/model.py", line 360, in init_kv_cache
[default0]:    torch.empty([batch_size, total_tolen, num_head, head_dim],
[default0]:torch.OutOfMemoryError: CUDA out of memory. Tried to allocate 216.00 MiB. GPU 0 has a total capacity of 15.57 GiB of which 122.62 MiB is free. Including non-PyTorch memory, this process has 14.95 GiB memory in use. Of the allocated memory 14.16 GiB is allocated by PyTorch, and 69.37 MiB is reserved by PyTorch but unallocated. If reserved but unallocated memory is large try setting PYTORCH_CUDA_ALLOC_CONF=expandable_segments:True to avoid fragmentation.  See documentation for Memory Management  (https://pytorch.org/docs/stable/notes/cuda.html#environment-variables)
W0428 14:52:13.123000 546988 site-packages/torch/distributed/elastic/agent/server/api.py:725] Received Signals.SIGTERM death signal, shutting down workers
W0428 14:52:13.123000 546988 site-packages/torch/distributed/elastic/multiprocessing/api.py:908] Sending process 547039 closing signal SIGTERM
Traceback (most recent call last):
  File "/home/rhos/miniconda3/envs/lingbot/lib/python3.10/runpy.py", line 196, in _run_module_as_main
    return _run_code(code, main_globals, None,
  File "/home/rhos/miniconda3/envs/lingbot/lib/python3.10/runpy.py", line 86, in _run_code
    exec(code, run_globals)
  File "/home/rhos/miniconda3/envs/lingbot/lib/python3.10/site-packages/torch/distributed/run.py", line 940, in <module>
    main()
  File "/home/rhos/miniconda3/envs/lingbot/lib/python3.10/site-packages/torch/distributed/elastic/multiprocessing/errors/__init__.py", line 357, in wrapper
    return f(*args, **kwargs)
  File "/home/rhos/miniconda3/envs/lingbot/lib/python3.10/site-packages/torch/distributed/run.py", line 936, in main
    run(args)
  File "/home/rhos/miniconda3/envs/lingbot/lib/python3.10/site-packages/torch/distributed/run.py", line 927, in run
    elastic_launch(
  File "/home/rhos/miniconda3/envs/lingbot/lib/python3.10/site-packages/torch/distributed/launcher/api.py", line 156, in __call__
    return launch_agent(self._config, self._entrypoint, list(args))
  File "/home/rhos/miniconda3/envs/lingbot/lib/python3.10/site-packages/torch/distributed/launcher/api.py", line 284, in launch_agent
    result = agent.run()
  File "/home/rhos/miniconda3/envs/lingbot/lib/python3.10/site-packages/torch/distributed/elastic/metrics/api.py", line 138, in wrapper
    result = f(*args, **kwargs)
  File "/home/rhos/miniconda3/envs/lingbot/lib/python3.10/site-packages/torch/distributed/elastic/agent/server/api.py", line 717, in run
    result = self._invoke_run(role)
  File "/home/rhos/miniconda3/envs/lingbot/lib/python3.10/site-packages/torch/distributed/elastic/agent/server/api.py", line 881, in _invoke_run
    time.sleep(monitor_interval)
  File "/home/rhos/miniconda3/envs/lingbot/lib/python3.10/site-packages/torch/distributed/elastic/multiprocessing/api.py", line 85, in _terminate_process_handler
    raise SignalException(f"Process {os.getpid()} got signal: {sigval}", sigval=sigval)
torch.distributed.elastic.multiprocessing.api.SignalException: Process 546988 got signal: 15
