2026-04-19 14:54:06.084 | INFO     | __main__:record:101 - Warmup record == True
2026-04-19 14:54:06.084 | INFO     | lerobot.common.robot_devices.control_utils_tactile:control_loop:261 - ============================
2026-04-19 14:54:06.084 | INFO     | lerobot.common.robot_devices.control_utils_tactile:control_loop:262 - Start a New Episode
2026-04-19 14:54:16.108 | INFO     | lerobot.common.robot_devices.control_utils_tactile:control_loop:345 - End of the Episode
2026-04-19 14:54:16.108 | INFO     | lerobot.common.robot_devices.control_utils_tactile:control_loop:360 - ============================
2026-04-19 14:54:16.108 | INFO     | __main__:record:112 - Warmup Record End =====
2026-04-19 14:54:20.733 | INFO     | __main__:record:123 - Recording episode 0 == True
2026-04-19 14:54:20.733 | INFO     | __main__:record:124 - Per episodes continues for 50 s.
2026-04-19 14:54:20.733 | INFO     | lerobot.common.robot_devices.control_utils_tactile:control_loop:261 - ============================
2026-04-19 14:54:20.733 | INFO     | lerobot.common.robot_devices.control_utils_tactile:control_loop:262 - Start a New Episode
2026-04-19 14:54:40.984 | WARNING  | lerobot.common.robot_devices.robots.flexiv:apply_teleop_target:461 - Out of bound! [0.06077096 0.15066755 0.10608363]
2026-04-19 14:54:41.025 | WARNING  | lerobot.common.robot_devices.robots.flexiv:apply_teleop_target:461 - Out of bound! [0.0627837  0.15032053 0.10718948]
2026-04-19 14:54:41.067 | WARNING  | lerobot.common.robot_devices.robots.flexiv:apply_teleop_target:461 - Out of bound! [0.06454557 0.14999545 0.10773184]
2026-04-19 14:54:41.109 | WARNING  | lerobot.common.robot_devices.robots.flexiv:apply_teleop_target:461 - Out of bound! [0.06619394 0.14947201 0.10820777]
2026-04-19 14:54:41.151 | WARNING  | lerobot.common.robot_devices.robots.flexiv:apply_teleop_target:461 - Out of bound! [0.06723262 0.14942195 0.10875189]
2026-04-19 14:54:41.192 | WARNING  | lerobot.common.robot_devices.robots.flexiv:apply_teleop_target:461 - Out of bound! [0.06773165 0.14938781 0.10922963]
2026-04-19 14:54:41.234 | WARNING  | lerobot.common.robot_devices.robots.flexiv:apply_teleop_target:461 - Out of bound! [0.06746367 0.14940452 0.10920414]
2026-04-19 14:54:41.276 | WARNING  | lerobot.common.robot_devices.robots.flexiv:apply_teleop_target:461 - Out of bound! [0.06596992 0.14971069 0.10924584]
2026-04-19 14:54:41.318 | WARNING  | lerobot.common.robot_devices.robots.flexiv:apply_teleop_target:461 - Out of bound! [0.0633871  0.14994889 0.10916584]
2026-04-19 14:54:41.360 | WARNING  | lerobot.common.robot_devices.robots.flexiv:apply_teleop_target:461 - Out of bound! [0.06000938 0.15013741 0.10875359]
