[default0]:[rank0]: Traceback (most recent call last):
[default0]:[rank0]:   File "/home/rhos/miniconda3/envs/lingbot/lib/python3.10/site-packages/diffusers/configuration_utils.py", line 392, in load_config
[default0]:[rank0]:     config_file = hf_hub_download(
[default0]:[rank0]:   File "/home/rhos/miniconda3/envs/lingbot/lib/python3.10/site-packages/huggingface_hub/utils/_validators.py", line 106, in _inner_fn
[default0]:[rank0]:     validate_repo_id(arg_value)
[default0]:[rank0]:   File "/home/rhos/miniconda3/envs/lingbot/lib/python3.10/site-packages/huggingface_hub/utils/_validators.py", line 154, in validate_repo_id
[default0]:[rank0]:     raise HFValidationError(
[default0]:[rank0]: huggingface_hub.errors.HFValidationError: Repo id must be in the form 'repo_name' or 'namespace/repo_name': './ckpt/lingbot-va-base/vae'. Use `repo_type` argument if needed.
[default0]:
[default0]:[rank0]: During handling of the above exception, another exception occurred:
[default0]:
[default0]:[rank0]: Traceback (most recent call last):
[default0]:[rank0]:   File "/home/rhos/miniconda3/envs/lingbot/lib/python3.10/runpy.py", line 196, in _run_module_as_main
[default0]:[rank0]:     return _run_code(code, main_globals, None,
[default0]:[rank0]:   File "/home/rhos/miniconda3/envs/lingbot/lib/python3.10/runpy.py", line 86, in _run_code
[default0]:[rank0]:     exec(code, run_globals)
[default0]:[rank0]:   File "/home/rhos/umipolicy/lingbot-va/wan_va/wan_va_server.py", line 731, in <module>
[default0]:[rank0]:     main()
[default0]:[rank0]:   File "/home/rhos/umipolicy/lingbot-va/wan_va/wan_va_server.py", line 725, in main
[default0]:[rank0]:     run(args)
[default0]:[rank0]:   File "/home/rhos/umipolicy/lingbot-va/wan_va/wan_va_server.py", line 690, in run
[default0]:[rank0]:     model = VA_Server(config)
[default0]:[rank0]:   File "/home/rhos/umipolicy/lingbot-va/wan_va/wan_va_server.py", line 61, in __init__
[default0]:[rank0]:     self.vae = load_vae(
[default0]:[rank0]:   File "/home/rhos/umipolicy/lingbot-va/wan_va/modules/utils.py", line 17, in load_vae
[default0]:[rank0]:     vae = AutoencoderKLWan.from_pretrained(
[default0]:[rank0]:   File "/home/rhos/miniconda3/envs/lingbot/lib/python3.10/site-packages/huggingface_hub/utils/_validators.py", line 114, in _inner_fn
[default0]:[rank0]:     return fn(*args, **kwargs)
[default0]:[rank0]:   File "/home/rhos/miniconda3/envs/lingbot/lib/python3.10/site-packages/diffusers/models/modeling_utils.py", line 1062, in from_pretrained
[default0]:[rank0]:     config, unused_kwargs, commit_hash = cls.load_config(
[default0]:[rank0]:   File "/home/rhos/miniconda3/envs/lingbot/lib/python3.10/site-packages/huggingface_hub/utils/_validators.py", line 114, in _inner_fn
[default0]:[rank0]:     return fn(*args, **kwargs)
[default0]:[rank0]:   File "/home/rhos/miniconda3/envs/lingbot/lib/python3.10/site-packages/diffusers/configuration_utils.py", line 428, in load_config
[default0]:[rank0]:     raise EnvironmentError(
[default0]:[rank0]: OSError: We couldn't connect to 'https://huggingface.co' to load this model, couldn't find it in the cached files and it looks like ./ckpt/lingbot-va-base/vae is not the path to a directory containing a config.json file.
[default0]:[rank0]: Checkout your internet connection or see how to run the library in offline mode at 'https://huggingface.co/docs/diffusers/installation#offline-mode'.
[default0]:[rank0]:[W428 12:05:54.164203490 ProcessGroupNCCL.cpp:1524] Warning: WARNING: destroy_process_group() was not called before program exit, which can leak resources. For more info, please see https://pytorch.org/docs/stable/distributed.html#shutdown (function operator())
[default0]:[rank0]:[W428 12:05:55.168503863 AllocatorConfig.cpp:28] Warning: PYTORCH_CUDA_ALLOC_CONF is deprecated, use PYTORCH_ALLOC_CONF instead (function operator())
E0428 12:05:56.082000 498724 site-packages/torch/distributed/elastic/multiprocessing/api.py:882] failed (exitcode: 1) local_rank: 0 (pid: 498761) of binary: /home/rhos/miniconda3/envs/lingbot/bin/python
Traceback (most recent call last):
  File "/home/rhos/miniconda3/envs/lingbot/lib/python3.10/runpy.py", line 196, in _run_module_as_main
    return _run_code(code, main_globals, None,
  File "/home/rhos/miniconda3/envs/lingbot/lib/python3.10/runpy.py", line 86, in _run_code
    exec(code, run_globals)
  File "/home/rhos/miniconda3/envs/lingbot/lib/python3.10/site-packages/torch/distributed/run.py", line 940, in <module>
    main()
  File "/home/rhos/miniconda3/envs/lingbot/lib/python3.10/site-packages/torch/distributed/elastic/multiprocessing/errors/__init__.py", line 357, in wrapper
    return f(*args, **kwargs)
  File "/home/rhos/miniconda3/envs/lingbot/lib/python3.10/site-packages/torch/distributed/run.py", line 936, in main
    run(args)
  File "/home/rhos/miniconda3/envs/lingbot/lib/python3.10/site-packages/torch/distributed/run.py", line 927, in run
    elastic_launch(
  File "/home/rhos/miniconda3/envs/lingbot/lib/python3.10/site-packages/torch/distributed/launcher/api.py", line 156, in __call__
    return launch_agent(self._config, self._entrypoint, list(args))
  File "/home/rhos/miniconda3/envs/lingbot/lib/python3.10/site-packages/torch/distributed/launcher/api.py", line 293, in launch_agent
    raise ChildFailedError(
torch.distributed.elastic.multiprocessing.errors.ChildFailedError: 
============================================================
wan_va.wan_va_server FAILED
------------------------------------------------------------
Failures:
  <NO_OTHER_FAILURES>
------------------------------------------------------------
Root Cause (first observed failure):
[0]:
  time      : 2026-04-28_12:05:55
  host      : rhos-Leap
  rank      : 0 (local_rank: 0)
  exitcode  : 1 (pid: 498761)
  error_file: <N/A>
  traceback : To enable traceback see: https://pytorch.org/docs/stable/elastic/errors.html
============================================================
[W428 12:05:56.492392465 AllocatorConfig.cpp:28] Warning: PYTORCH_CUDA_ALLOC_CONF is deprecated, use PYTORCH_ALLOC_CONF instead (function operator())
