[default0]:Traceback (most recent call last):
[default0]:  File "/home/rhos/miniconda3/envs/lingbot/lib/python3.10/site-packages/diffusers/utils/import_utils.py", line 1016, in _get_module
[default0]:    return importlib.import_module("." + module_name, self.__name__)
[default0]:  File "/home/rhos/miniconda3/envs/lingbot/lib/python3.10/importlib/__init__.py", line 126, in import_module
[default0]:    return _bootstrap._gcd_import(name[level:], package, level)
[default0]:  File "<frozen importlib._bootstrap>", line 1050, in _gcd_import
[default0]:  File "<frozen importlib._bootstrap>", line 1027, in _find_and_load
[default0]:  File "<frozen importlib._bootstrap>", line 992, in _find_and_load_unlocked
[default0]:  File "<frozen importlib._bootstrap>", line 241, in _call_with_frames_removed
[default0]:  File "<frozen importlib._bootstrap>", line 1050, in _gcd_import
[default0]:  File "<frozen importlib._bootstrap>", line 1027, in _find_and_load
[default0]:  File "<frozen importlib._bootstrap>", line 1006, in _find_and_load_unlocked
[default0]:  File "<frozen importlib._bootstrap>", line 688, in _load_unlocked
[default0]:  File "<frozen importlib._bootstrap_external>", line 883, in exec_module
[default0]:  File "<frozen importlib._bootstrap>", line 241, in _call_with_frames_removed
[default0]:  File "/home/rhos/miniconda3/envs/lingbot/lib/python3.10/site-packages/diffusers/models/autoencoders/__init__.py", line 1, in <module>
[default0]:    from .autoencoder_asym_kl import AsymmetricAutoencoderKL
[default0]:  File "/home/rhos/miniconda3/envs/lingbot/lib/python3.10/site-packages/diffusers/models/autoencoders/autoencoder_asym_kl.py", line 23, in <module>
[default0]:    from .vae import AutoencoderMixin, DecoderOutput, DiagonalGaussianDistribution, Encoder, MaskConditionDecoder
[default0]:  File "/home/rhos/miniconda3/envs/lingbot/lib/python3.10/site-packages/diffusers/models/autoencoders/vae.py", line 25, in <module>
[default0]:    from ..unets.unet_2d_blocks import (
[default0]:  File "/home/rhos/miniconda3/envs/lingbot/lib/python3.10/site-packages/diffusers/models/unets/__init__.py", line 6, in <module>
[default0]:    from .unet_2d import UNet2DModel
[default0]:  File "/home/rhos/miniconda3/envs/lingbot/lib/python3.10/site-packages/diffusers/models/unets/unet_2d.py", line 24, in <module>
[default0]:    from .unet_2d_blocks import UNetMidBlock2D, get_down_block, get_up_block
[default0]:  File "/home/rhos/miniconda3/envs/lingbot/lib/python3.10/site-packages/diffusers/models/unets/unet_2d_blocks.py", line 36, in <module>
[default0]:    from ..transformers.dual_transformer_2d import DualTransformer2DModel
[default0]:  File "/home/rhos/miniconda3/envs/lingbot/lib/python3.10/site-packages/diffusers/models/transformers/__init__.py", line 20, in <module>
[default0]:    from .transformer_bria import BriaTransformer2DModel
[default0]:  File "/home/rhos/miniconda3/envs/lingbot/lib/python3.10/site-packages/diffusers/models/transformers/transformer_bria.py", line 14, in <module>
[default0]:    from ..attention_dispatch import dispatch_attention_fn
[default0]:  File "/home/rhos/miniconda3/envs/lingbot/lib/python3.10/site-packages/diffusers/models/attention_dispatch.py", line 70, in <module>
[default0]:    from flash_attn import flash_attn_func, flash_attn_varlen_func
[default0]:  File "/home/rhos/miniconda3/envs/lingbot/lib/python3.10/site-packages/flash_attn/__init__.py", line 3, in <module>
[default0]:    from flash_attn.flash_attn_interface import (
[default0]:  File "/home/rhos/miniconda3/envs/lingbot/lib/python3.10/site-packages/flash_attn/flash_attn_interface.py", line 15, in <module>
[default0]:    import flash_attn_2_cuda as flash_attn_gpu
[default0]:ImportError: /home/rhos/miniconda3/envs/lingbot/lib/python3.10/site-packages/flash_attn_2_cuda.cpython-310-x86_64-linux-gnu.so: undefined symbol: _ZNK3c106SymInt6sym_neERKS0_
[default0]:
[default0]:The above exception was the direct cause of the following exception:
[default0]:
[default0]:Traceback (most recent call last):
[default0]:  File "/home/rhos/miniconda3/envs/lingbot/lib/python3.10/runpy.py", line 187, in _run_module_as_main
[default0]:    mod_name, mod_spec, code = _get_module_details(mod_name, _Error)
[default0]:  File "/home/rhos/miniconda3/envs/lingbot/lib/python3.10/runpy.py", line 110, in _get_module_details
[default0]:    __import__(pkg_name)
[default0]:  File "/home/rhos/umipolicy/lingbot-va/wan_va/__init__.py", line 2, in <module>
[default0]:    from . import configs, distributed, modules
[default0]:  File "/home/rhos/umipolicy/lingbot-va/wan_va/modules/__init__.py", line 2, in <module>
[default0]:    from .utils import load_text_encoder, load_tokenizer, load_transformer, load_vae
[default0]:  File "/home/rhos/umipolicy/lingbot-va/wan_va/modules/utils.py", line 3, in <module>
[default0]:    from diffusers import AutoencoderKLWan
[default0]:  File "<frozen importlib._bootstrap>", line 1075, in _handle_fromlist
[default0]:  File "/home/rhos/miniconda3/envs/lingbot/lib/python3.10/site-packages/diffusers/utils/import_utils.py", line 1007, in __getattr__
[default0]:    value = getattr(module, name)
[default0]:  File "/home/rhos/miniconda3/envs/lingbot/lib/python3.10/site-packages/diffusers/utils/import_utils.py", line 1006, in __getattr__
[default0]:    module = self._get_module(self._class_to_module[name])
[default0]:  File "/home/rhos/miniconda3/envs/lingbot/lib/python3.10/site-packages/diffusers/utils/import_utils.py", line 1018, in _get_module
[default0]:    raise RuntimeError(
[default0]:RuntimeError: Failed to import diffusers.models.autoencoders.autoencoder_kl_wan because of the following error (look up to see its traceback):
[default0]:/home/rhos/miniconda3/envs/lingbot/lib/python3.10/site-packages/flash_attn_2_cuda.cpython-310-x86_64-linux-gnu.so: undefined symbol: _ZNK3c106SymInt6sym_neERKS0_
[default0]:[W428 12:02:33.723157331 AllocatorConfig.cpp:28] Warning: PYTORCH_CUDA_ALLOC_CONF is deprecated, use PYTORCH_ALLOC_CONF instead (function operator())
E0428 12:02:33.558000 498322 site-packages/torch/distributed/elastic/multiprocessing/api.py:882] failed (exitcode: 1) local_rank: 0 (pid: 498360) of binary: /home/rhos/miniconda3/envs/lingbot/bin/python
Traceback (most recent call last):
  File "/home/rhos/miniconda3/envs/lingbot/lib/python3.10/runpy.py", line 196, in _run_module_as_main
    return _run_code(code, main_globals, None,
  File "/home/rhos/miniconda3/envs/lingbot/lib/python3.10/runpy.py", line 86, in _run_code
    exec(code, run_globals)
  File "/home/rhos/miniconda3/envs/lingbot/lib/python3.10/site-packages/torch/distributed/run.py", line 940, in <module>
    main()
  File "/home/rhos/miniconda3/envs/lingbot/lib/python3.10/site-packages/torch/distributed/elastic/multiprocessing/errors/__init__.py", line 357, in wrapper
    return f(*args, **kwargs)
  File "/home/rhos/miniconda3/envs/lingbot/lib/python3.10/site-packages/torch/distributed/run.py", line 936, in main
    run(args)
  File "/home/rhos/miniconda3/envs/lingbot/lib/python3.10/site-packages/torch/distributed/run.py", line 927, in run
    elastic_launch(
  File "/home/rhos/miniconda3/envs/lingbot/lib/python3.10/site-packages/torch/distributed/launcher/api.py", line 156, in __call__
    return launch_agent(self._config, self._entrypoint, list(args))
  File "/home/rhos/miniconda3/envs/lingbot/lib/python3.10/site-packages/torch/distributed/launcher/api.py", line 293, in launch_agent
    raise ChildFailedError(
torch.distributed.elastic.multiprocessing.errors.ChildFailedError: 
============================================================
wan_va.wan_va_server FAILED
------------------------------------------------------------
Failures:
  <NO_OTHER_FAILURES>
------------------------------------------------------------
Root Cause (first observed failure):
[0]:
  time      : 2026-04-28_12:02:33
  host      : rhos-Leap
  rank      : 0 (local_rank: 0)
  exitcode  : 1 (pid: 498360)
  error_file: <N/A>
  traceback : To enable traceback see: https://pytorch.org/docs/stable/elastic/errors.html
============================================================
[W428 12:02:33.970175835 AllocatorConfig.cpp:28] Warning: PYTORCH_CUDA_ALLOC_CONF is deprecated, use PYTORCH_ALLOC_CONF instead (function operator())
