2026-04-28 14:55:54,536 [INFO] Control config: ctrl_freq=20.000Hz, steps_per_inference=4, camera_fps=20.000Hz, action_pose_mode=relative
2026-04-28 14:55:54,536 [INFO] Connecting to LingBot-VA server at ws://127.0.0.1:29536
2026-04-28 14:55:54,536 [INFO] Waiting for server at ws://127.0.0.1:29536...
2026-04-28 14:55:54,537 [INFO] Server metadata: {}
2026-04-28 14:56:34,214 [INFO] Initializing cameras from /home/rhos/umipolicy/lerobot/src/perception/configs/camera/handcap_camera.json (use_tactile=False)
2026-04-28 14:56:34,230 [INFO] use_tactile=False: using wrist-only camera config /home/rhos/umipolicy/lerobot/src/perception/configs/camera/handcap_camera_no_tactile.json
*******XOpenDisplay Fail ******* 
SDK Version: [0x4070102]
Find 1 devices!

u3v device: [0]
device model name: MV-CB060-10UC-S
user serial number: DA8942749
2026-04-28 14:56:35,517 [INFO] Initializing Flexiv environment at 192.168.2.100
Traceback (most recent call last):
  File "/home/rhos/umipolicy/lingbot-va/scripts/handcap_flexiv_lingbot_remote.py", line 471, in <module>
    main()
  File "/home/rhos/umipolicy/lingbot-va/scripts/handcap_flexiv_lingbot_remote.py", line 396, in main
    env = FlexivRealEnv(init_qpos, robot_ip=args.robot_ip, local_ip=args.local_ip, dry_run=args.dry_run)
  File "/home/rhos/umipolicy/lingbot-va/scripts/handcap_flexiv_lingbot_remote.py", line 235, in __init__
    import flexivrdk
ModuleNotFoundError: No module named 'flexivrdk'
