[default0]:The config attributes {'clip_output': False} were passed to AutoencoderKLWan, but are not expected and will be ignored. Please verify your config.json configuration file.
[default0]:
[default0]:Loading checkpoint shards:   0%|          | 0/3 [00:00<?, ?it/s]
[default0]:Loading checkpoint shards: 100%|██████████| 3/3 [00:00<00:00, 281.59it/s]
[default0]:
[default0]:Loading checkpoint shards:   0%|          | 0/3 [00:00<?, ?it/s]
[default0]:Loading checkpoint shards: 100%|██████████| 3/3 [00:00<00:00, 116.25it/s]
[default0]:Some weights of the model checkpoint at /home/rhos/umipolicy/lingbot-va/ckpt/lingbot-va-base/transformer were not used when initializing WanTransformer3DModel: 
[default0]: ['patch_embedding.bias, patch_embedding.weight']
[default0]:2026-04-28 14:55:51,706 - root - INFO - ******************************USE Server mode******************************
[default0]:2026-04-28 14:55:51,706 - root - INFO - Running in ASYNC SERVER mode
[default0]:2026-04-28 14:55:51,706 - websockets.server - INFO - server listening on 0.0.0.0:29536
[default0]:2026-04-28 14:55:52,212 - websockets.server - INFO - connection rejected (200 OK)
[default0]:2026-04-28 14:55:54,537 - websockets.server - INFO - connection open
[default0]:2026-04-28 14:55:54,537 - utils.Simple_Remote_Infer.deploy.websocket_policy_server - INFO - Connection from ('127.0.0.1', 42552) opened
[default0]:2026-04-28 14:55:54,538 - root - INFO - ******************* Reset server ******************
[default0]:2026-04-28 14:55:54,538 - root - INFO - Reset.
[default0]:2026-04-28 14:56:36,057 - utils.Simple_Remote_Infer.deploy.websocket_policy_server - INFO - Connection from ('127.0.0.1', 42552) closed
W0428 14:56:36.281000 548996 site-packages/torch/distributed/elastic/agent/server/api.py:725] Received Signals.SIGTERM death signal, shutting down workers
W0428 14:56:36.281000 548996 site-packages/torch/distributed/elastic/multiprocessing/api.py:908] Sending process 549033 closing signal SIGTERM
Traceback (most recent call last):
  File "/home/rhos/miniconda3/envs/lingbot/lib/python3.10/runpy.py", line 196, in _run_module_as_main
    return _run_code(code, main_globals, None,
  File "/home/rhos/miniconda3/envs/lingbot/lib/python3.10/runpy.py", line 86, in _run_code
    exec(code, run_globals)
  File "/home/rhos/miniconda3/envs/lingbot/lib/python3.10/site-packages/torch/distributed/run.py", line 940, in <module>
    main()
  File "/home/rhos/miniconda3/envs/lingbot/lib/python3.10/site-packages/torch/distributed/elastic/multiprocessing/errors/__init__.py", line 357, in wrapper
    return f(*args, **kwargs)
  File "/home/rhos/miniconda3/envs/lingbot/lib/python3.10/site-packages/torch/distributed/run.py", line 936, in main
    run(args)
  File "/home/rhos/miniconda3/envs/lingbot/lib/python3.10/site-packages/torch/distributed/run.py", line 927, in run
    elastic_launch(
  File "/home/rhos/miniconda3/envs/lingbot/lib/python3.10/site-packages/torch/distributed/launcher/api.py", line 156, in __call__
    return launch_agent(self._config, self._entrypoint, list(args))
  File "/home/rhos/miniconda3/envs/lingbot/lib/python3.10/site-packages/torch/distributed/launcher/api.py", line 284, in launch_agent
    result = agent.run()
  File "/home/rhos/miniconda3/envs/lingbot/lib/python3.10/site-packages/torch/distributed/elastic/metrics/api.py", line 138, in wrapper
    result = f(*args, **kwargs)
  File "/home/rhos/miniconda3/envs/lingbot/lib/python3.10/site-packages/torch/distributed/elastic/agent/server/api.py", line 717, in run
    result = self._invoke_run(role)
  File "/home/rhos/miniconda3/envs/lingbot/lib/python3.10/site-packages/torch/distributed/elastic/agent/server/api.py", line 881, in _invoke_run
    time.sleep(monitor_interval)
  File "/home/rhos/miniconda3/envs/lingbot/lib/python3.10/site-packages/torch/distributed/elastic/multiprocessing/api.py", line 85, in _terminate_process_handler
    raise SignalException(f"Process {os.getpid()} got signal: {sigval}", sigval=sigval)
torch.distributed.elastic.multiprocessing.api.SignalException: Process 548996 got signal: 15
